// Jest Snapshot v1, https://goo.gl/fbAQLP

exports[`Navbar component renders correctly 1`] = `
<nav
  class="nav"
>
  <div
    class="title"
  >
    <img
      alt="SpaceTravellers' Hub"
      class="logo"
      src="./planet.png"
    />
    <h1>
      SpaceTravellers Hub
    </h1>
  </div>
  <ul>
    <li>
      <a
        class=" "
        href="/Rockets"
      >
        Rockets
      </a>
    </li>
    <li>
      <a
        class=" "
        href="/Missions"
      >
        Missions
      </a>
    </li>
    <li>
      <a
        class=" "
        href="/MyProfile"
      >
        MyProfile
      </a>
    </li>
  </ul>
</nav>
`;
